{"log":
 [{"message":
   ".> ELAN=elan ELAN_HOME=/Users/linyxus/.elan ELAN_TOOLCHAIN=leanprover/lean4:v4.21.0-rc3 LAKE=/Users/linyxus/.elan/toolchains/leanprover--lean4---v4.21.0-rc3/bin/lake LAKE_HOME=/Users/linyxus/.elan/toolchains/leanprover--lean4---v4.21.0-rc3 LAKE_PKG_URL_MAP={} LEAN=/Users/linyxus/.elan/toolchains/leanprover--lean4---v4.21.0-rc3/bin/lean LEAN_GITHASH=6741444a63eec253a7eae7a83f1beb3de015023d LEAN_SYSROOT=/Users/linyxus/.elan/toolchains/leanprover--lean4---v4.21.0-rc3 LEAN_AR=/Users/linyxus/.elan/toolchains/leanprover--lean4---v4.21.0-rc3/bin/llvm-ar LEAN_CC= LEAN_PATH=/Users/linyxus/Workspace/capless-lean/.lake/packages/Qq/.lake/build/lib/lean:/Users/linyxus/Workspace/capless-lean/.lake/packages/aesop/.lake/build/lib/lean:/Users/linyxus/Workspace/capless-lean/.lake/packages/proofwidgets/.lake/build/lib/lean:/Users/linyxus/Workspace/capless-lean/.lake/packages/LeanSearchClient/.lake/build/lib/lean:/Users/linyxus/Workspace/capless-lean/.lake/packages/plausible/.lake/build/lib/lean:/Users/linyxus/Workspace/capless-lean/.lake/packages/MD4Lean/.lake/build/lib/lean:/Users/linyxus/Workspace/capless-lean/.lake/packages/BibtexQuery/.lake/build/lib/lean:/Users/linyxus/Workspace/capless-lean/.lake/packages/UnicodeBasic/.lake/build/lib/lean:/Users/linyxus/Workspace/capless-lean/.lake/packages/Cli/.lake/build/lib/lean:/Users/linyxus/Workspace/capless-lean/.lake/packages/batteries/.lake/build/lib/lean:/Users/linyxus/Workspace/capless-lean/.lake/packages/mathlib/.lake/build/lib/lean:/Users/linyxus/Workspace/capless-lean/.lake/packages/doc-gen4/.lake/build/lib/lean:/Users/linyxus/Workspace/capless-lean/.lake/packages/importGraph/.lake/build/lib/lean:/Users/linyxus/Workspace/capless-lean/.lake/build/lib/lean:/Users/linyxus/.elan/toolchains/leanprover--lean4---v4.21.0-rc3/lib/lean LEAN_SRC_PATH=/Users/linyxus/Workspace/capless-lean/.lake/packages/Qq:/Users/linyxus/Workspace/capless-lean/.lake/packages/aesop:/Users/linyxus/Workspace/capless-lean/.lake/packages/aesop:/Users/linyxus/Workspace/capless-lean/.lake/packages/proofwidgets:/Users/linyxus/Workspace/capless-lean/.lake/packages/proofwidgets:/Users/linyxus/Workspace/capless-lean/.lake/packages/LeanSearchClient:/Users/linyxus/Workspace/capless-lean/.lake/packages/LeanSearchClient:/Users/linyxus/Workspace/capless-lean/.lake/packages/plausible:/Users/linyxus/Workspace/capless-lean/.lake/packages/plausible:/Users/linyxus/Workspace/capless-lean/.lake/packages/MD4Lean:/Users/linyxus/Workspace/capless-lean/.lake/packages/MD4Lean:/Users/linyxus/Workspace/capless-lean/.lake/packages/BibtexQuery:/Users/linyxus/Workspace/capless-lean/.lake/packages/UnicodeBasic:/Users/linyxus/Workspace/capless-lean/.lake/packages/UnicodeBasic:/Users/linyxus/Workspace/capless-lean/.lake/packages/Cli:/Users/linyxus/Workspace/capless-lean/.lake/packages/batteries:/Users/linyxus/Workspace/capless-lean/.lake/packages/batteries:/Users/linyxus/Workspace/capless-lean/.lake/packages/mathlib:/Users/linyxus/Workspace/capless-lean/.lake/packages/mathlib:/Users/linyxus/Workspace/capless-lean/.lake/packages/mathlib:/Users/linyxus/Workspace/capless-lean/.lake/packages/mathlib:/Users/linyxus/Workspace/capless-lean/.lake/packages/mathlib:/Users/linyxus/Workspace/capless-lean/.lake/packages/mathlib:/Users/linyxus/Workspace/capless-lean/.lake/packages/mathlib:/Users/linyxus/Workspace/capless-lean/.lake/packages/doc-gen4:/Users/linyxus/Workspace/capless-lean/.lake/packages/importGraph:/Users/linyxus/Workspace/capless-lean/.lake/packages/importGraph:/Users/linyxus/Workspace/capless-lean:/Users/linyxus/.elan/toolchains/leanprover--lean4---v4.21.0-rc3/src/lean/lake PATH DYLD_LIBRARY_PATH=/Users/linyxus/.elan/toolchains/leanprover--lean4---v4.21.0-rc3/lib/lean:/Users/linyxus/.elan/toolchains/leanprover--lean4---v4.21.0-rc3/lib:/Users/linyxus/Workspace/capless-lean/.lake/build/lib:/Users/linyxus/Workspace/capless-lean/.lake/packages/importGraph/.lake/build/lib:/Users/linyxus/Workspace/capless-lean/.lake/packages/doc-gen4/.lake/build/lib:/Users/linyxus/Workspace/capless-lean/.lake/packages/mathlib/.lake/build/lib:/Users/linyxus/Workspace/capless-lean/.lake/packages/batteries/.lake/build/lib:/Users/linyxus/Workspace/capless-lean/.lake/packages/Cli/.lake/build/lib:/Users/linyxus/Workspace/capless-lean/.lake/packages/UnicodeBasic/.lake/build/lib:/Users/linyxus/Workspace/capless-lean/.lake/packages/BibtexQuery/.lake/build/lib:/Users/linyxus/Workspace/capless-lean/.lake/packages/MD4Lean/.lake/build/lib:/Users/linyxus/Workspace/capless-lean/.lake/packages/plausible/.lake/build/lib:/Users/linyxus/Workspace/capless-lean/.lake/packages/LeanSearchClient/.lake/build/lib:/Users/linyxus/Workspace/capless-lean/.lake/packages/proofwidgets/.lake/build/lib:/Users/linyxus/Workspace/capless-lean/.lake/packages/aesop/.lake/build/lib:/Users/linyxus/Workspace/capless-lean/.lake/packages/Qq/.lake/build/lib /Users/linyxus/Workspace/capless-lean/.lake/packages/doc-gen4/.lake/build/bin/doc-gen4 single --build /Users/linyxus/Workspace/capless-lean/.lake/build Mathlib.Algebra.Group.Prod vscode://file//Users/linyxus/Workspace/capless-lean/.lake/packages/mathlib/Mathlib/Algebra/Group/Prod.lean",
   "level": "trace"}],
 "inputs":
 [["<collection>",
   [["/Users/linyxus/Workspace/capless-lean/.lake/build/doc/Mathlib/Algebra/Group/Equiv/Defs.html",
     "2848756798770013880"],
    ["/Users/linyxus/Workspace/capless-lean/.lake/build/doc/Mathlib/Algebra/Group/Hom/Basic.html",
     "828321614417803186"],
    ["/Users/linyxus/Workspace/capless-lean/.lake/build/doc/Mathlib/Algebra/Group/Opposite.html",
     "4684482415331983908"],
    ["/Users/linyxus/Workspace/capless-lean/.lake/build/doc/Mathlib/Algebra/Group/Pi/Basic.html",
     "10188072946586236013"],
    ["/Users/linyxus/Workspace/capless-lean/.lake/build/doc/Mathlib/Algebra/Group/Torsion.html",
     "9213321835663532923"],
    ["/Users/linyxus/Workspace/capless-lean/.lake/build/doc/Mathlib/Algebra/Group/Units/Hom.html",
     "17648943394049454088"],
    ["/Users/linyxus/Workspace/capless-lean/.lake/build/doc/Mathlib/Algebra/Notation/Prod.html",
     "10769497983404229177"],
    ["/Users/linyxus/Workspace/capless-lean/.lake/build/doc/Mathlib/Logic/Equiv/Prod.html",
     "15420160536852225138"],
    ["/Users/linyxus/Workspace/capless-lean/.lake/build/doc/Mathlib/Tactic/TermCongr.html",
     "16477829440490456922"]]],
  ["/Users/linyxus/Workspace/capless-lean/.lake/build/doc-data/references.json",
   "11893762902049086281"],
  ["/Users/linyxus/Workspace/capless-lean/.lake/packages/doc-gen4/.lake/build/bin/doc-gen4",
   "15223597035470372104"],
  ["Mathlib.Algebra.Group.Prod:leanArts", "15825202510828243577"]],
 "depHash": "17357042854288576748"}