{"log":
 [{"message":
   ".> ELAN=elan ELAN_HOME=/Users/linyxus/.elan ELAN_TOOLCHAIN=leanprover/lean4:v4.21.0-rc3 LAKE=/Users/linyxus/.elan/toolchains/leanprover--lean4---v4.21.0-rc3/bin/lake LAKE_HOME=/Users/linyxus/.elan/toolchains/leanprover--lean4---v4.21.0-rc3 LAKE_PKG_URL_MAP={} LEAN=/Users/linyxus/.elan/toolchains/leanprover--lean4---v4.21.0-rc3/bin/lean LEAN_GITHASH=6741444a63eec253a7eae7a83f1beb3de015023d LEAN_SYSROOT=/Users/linyxus/.elan/toolchains/leanprover--lean4---v4.21.0-rc3 LEAN_AR=/Users/linyxus/.elan/toolchains/leanprover--lean4---v4.21.0-rc3/bin/llvm-ar LEAN_CC= LEAN_PATH=/Users/linyxus/Workspace/capless-lean/.lake/packages/Qq/.lake/build/lib/lean:/Users/linyxus/Workspace/capless-lean/.lake/packages/aesop/.lake/build/lib/lean:/Users/linyxus/Workspace/capless-lean/.lake/packages/proofwidgets/.lake/build/lib/lean:/Users/linyxus/Workspace/capless-lean/.lake/packages/LeanSearchClient/.lake/build/lib/lean:/Users/linyxus/Workspace/capless-lean/.lake/packages/plausible/.lake/build/lib/lean:/Users/linyxus/Workspace/capless-lean/.lake/packages/MD4Lean/.lake/build/lib/lean:/Users/linyxus/Workspace/capless-lean/.lake/packages/BibtexQuery/.lake/build/lib/lean:/Users/linyxus/Workspace/capless-lean/.lake/packages/UnicodeBasic/.lake/build/lib/lean:/Users/linyxus/Workspace/capless-lean/.lake/packages/Cli/.lake/build/lib/lean:/Users/linyxus/Workspace/capless-lean/.lake/packages/batteries/.lake/build/lib/lean:/Users/linyxus/Workspace/capless-lean/.lake/packages/mathlib/.lake/build/lib/lean:/Users/linyxus/Workspace/capless-lean/.lake/packages/doc-gen4/.lake/build/lib/lean:/Users/linyxus/Workspace/capless-lean/.lake/packages/importGraph/.lake/build/lib/lean:/Users/linyxus/Workspace/capless-lean/.lake/build/lib/lean:/Users/linyxus/.elan/toolchains/leanprover--lean4---v4.21.0-rc3/lib/lean LEAN_SRC_PATH=/Users/linyxus/Workspace/capless-lean/.lake/packages/Qq:/Users/linyxus/Workspace/capless-lean/.lake/packages/aesop:/Users/linyxus/Workspace/capless-lean/.lake/packages/aesop:/Users/linyxus/Workspace/capless-lean/.lake/packages/proofwidgets:/Users/linyxus/Workspace/capless-lean/.lake/packages/proofwidgets:/Users/linyxus/Workspace/capless-lean/.lake/packages/LeanSearchClient:/Users/linyxus/Workspace/capless-lean/.lake/packages/LeanSearchClient:/Users/linyxus/Workspace/capless-lean/.lake/packages/plausible:/Users/linyxus/Workspace/capless-lean/.lake/packages/plausible:/Users/linyxus/Workspace/capless-lean/.lake/packages/MD4Lean:/Users/linyxus/Workspace/capless-lean/.lake/packages/MD4Lean:/Users/linyxus/Workspace/capless-lean/.lake/packages/BibtexQuery:/Users/linyxus/Workspace/capless-lean/.lake/packages/UnicodeBasic:/Users/linyxus/Workspace/capless-lean/.lake/packages/UnicodeBasic:/Users/linyxus/Workspace/capless-lean/.lake/packages/Cli:/Users/linyxus/Workspace/capless-lean/.lake/packages/batteries:/Users/linyxus/Workspace/capless-lean/.lake/packages/batteries:/Users/linyxus/Workspace/capless-lean/.lake/packages/mathlib:/Users/linyxus/Workspace/capless-lean/.lake/packages/mathlib:/Users/linyxus/Workspace/capless-lean/.lake/packages/mathlib:/Users/linyxus/Workspace/capless-lean/.lake/packages/mathlib:/Users/linyxus/Workspace/capless-lean/.lake/packages/mathlib:/Users/linyxus/Workspace/capless-lean/.lake/packages/mathlib:/Users/linyxus/Workspace/capless-lean/.lake/packages/mathlib:/Users/linyxus/Workspace/capless-lean/.lake/packages/doc-gen4:/Users/linyxus/Workspace/capless-lean/.lake/packages/importGraph:/Users/linyxus/Workspace/capless-lean/.lake/packages/importGraph:/Users/linyxus/Workspace/capless-lean:/Users/linyxus/.elan/toolchains/leanprover--lean4---v4.21.0-rc3/src/lean/lake PATH DYLD_LIBRARY_PATH=/Users/linyxus/.elan/toolchains/leanprover--lean4---v4.21.0-rc3/lib/lean:/Users/linyxus/.elan/toolchains/leanprover--lean4---v4.21.0-rc3/lib:/Users/linyxus/Workspace/capless-lean/.lake/build/lib:/Users/linyxus/Workspace/capless-lean/.lake/packages/importGraph/.lake/build/lib:/Users/linyxus/Workspace/capless-lean/.lake/packages/doc-gen4/.lake/build/lib:/Users/linyxus/Workspace/capless-lean/.lake/packages/mathlib/.lake/build/lib:/Users/linyxus/Workspace/capless-lean/.lake/packages/batteries/.lake/build/lib:/Users/linyxus/Workspace/capless-lean/.lake/packages/Cli/.lake/build/lib:/Users/linyxus/Workspace/capless-lean/.lake/packages/UnicodeBasic/.lake/build/lib:/Users/linyxus/Workspace/capless-lean/.lake/packages/BibtexQuery/.lake/build/lib:/Users/linyxus/Workspace/capless-lean/.lake/packages/MD4Lean/.lake/build/lib:/Users/linyxus/Workspace/capless-lean/.lake/packages/plausible/.lake/build/lib:/Users/linyxus/Workspace/capless-lean/.lake/packages/LeanSearchClient/.lake/build/lib:/Users/linyxus/Workspace/capless-lean/.lake/packages/proofwidgets/.lake/build/lib:/Users/linyxus/Workspace/capless-lean/.lake/packages/aesop/.lake/build/lib:/Users/linyxus/Workspace/capless-lean/.lake/packages/Qq/.lake/build/lib /Users/linyxus/Workspace/capless-lean/.lake/packages/doc-gen4/.lake/build/bin/doc-gen4 single --build /Users/linyxus/Workspace/capless-lean/.lake/build Capless vscode://file//Users/linyxus/Workspace/capless-lean/Capless.lean",
   "level": "trace"}],
 "inputs":
 [["<collection>",
   [["/Users/linyxus/Workspace/capless-lean/.lake/build/doc/Capless/CaptureSet.html",
     "10062565979213865412"],
    ["/Users/linyxus/Workspace/capless-lean/.lake/build/doc/Capless/Type.html",
     "6268386465995185914"],
    ["/Users/linyxus/Workspace/capless-lean/.lake/build/doc/Capless/Term.html",
     "17543384236536421564"],
    ["/Users/linyxus/Workspace/capless-lean/.lake/build/doc/Capless/Context.html",
     "6435798214418911469"],
    ["/Users/linyxus/Workspace/capless-lean/.lake/build/doc/Capless/Subcapturing.html",
     "4573513594408682743"],
    ["/Users/linyxus/Workspace/capless-lean/.lake/build/doc/Capless/Subtyping.html",
     "16205577042744582693"],
    ["/Users/linyxus/Workspace/capless-lean/.lake/build/doc/Capless/Typing.html",
     "3530447637584213596"],
    ["/Users/linyxus/Workspace/capless-lean/.lake/build/doc/Capless/Store.html",
     "8577285195763914020"],
    ["/Users/linyxus/Workspace/capless-lean/.lake/build/doc/Capless/Reduction.html",
     "13928937425591746751"],
    ["/Users/linyxus/Workspace/capless-lean/.lake/build/doc/Capless/Renaming/Term/Subcapturing.html",
     "9166553093026295525"],
    ["/Users/linyxus/Workspace/capless-lean/.lake/build/doc/Capless/Renaming/Term/Subtyping.html",
     "931386278204548546"],
    ["/Users/linyxus/Workspace/capless-lean/.lake/build/doc/Capless/Renaming/Term/Typing.html",
     "16429491152999367180"],
    ["/Users/linyxus/Workspace/capless-lean/.lake/build/doc/Capless/Renaming/Type/Subcapturing.html",
     "17028132395950737228"],
    ["/Users/linyxus/Workspace/capless-lean/.lake/build/doc/Capless/Renaming/Type/Subtyping.html",
     "9405368792414685972"],
    ["/Users/linyxus/Workspace/capless-lean/.lake/build/doc/Capless/Renaming/Type/Typing.html",
     "15691864928406075080"],
    ["/Users/linyxus/Workspace/capless-lean/.lake/build/doc/Capless/Renaming/Capture/Subcapturing.html",
     "6368115142386737371"],
    ["/Users/linyxus/Workspace/capless-lean/.lake/build/doc/Capless/Renaming/Capture/Subtyping.html",
     "5664320606414664619"],
    ["/Users/linyxus/Workspace/capless-lean/.lake/build/doc/Capless/Renaming/Capture/Typing.html",
     "12337224402989315227"],
    ["/Users/linyxus/Workspace/capless-lean/.lake/build/doc/Capless/Subst/Term/Subcapturing.html",
     "164314647785125658"],
    ["/Users/linyxus/Workspace/capless-lean/.lake/build/doc/Capless/Subst/Term/Subtyping.html",
     "11937376663581769855"],
    ["/Users/linyxus/Workspace/capless-lean/.lake/build/doc/Capless/Subst/Term/Typing.html",
     "3822361972327583750"],
    ["/Users/linyxus/Workspace/capless-lean/.lake/build/doc/Capless/Subst/Type/Subcapturing.html",
     "2226862921798241297"],
    ["/Users/linyxus/Workspace/capless-lean/.lake/build/doc/Capless/Subst/Type/Subtyping.html",
     "3454350723718658823"],
    ["/Users/linyxus/Workspace/capless-lean/.lake/build/doc/Capless/Subst/Type/Typing.html",
     "18404632755227565561"],
    ["/Users/linyxus/Workspace/capless-lean/.lake/build/doc/Capless/Subst/Capture/Subcapturing.html",
     "10773228815494077500"],
    ["/Users/linyxus/Workspace/capless-lean/.lake/build/doc/Capless/Subst/Capture/Subtyping.html",
     "18263059705360555407"],
    ["/Users/linyxus/Workspace/capless-lean/.lake/build/doc/Capless/Subst/Capture/Typing.html",
     "16183234780093762786"],
    ["/Users/linyxus/Workspace/capless-lean/.lake/build/doc/Capless/Inversion/Lookup.html",
     "3871547901567136630"],
    ["/Users/linyxus/Workspace/capless-lean/.lake/build/doc/Capless/Inversion/Subtyping.html",
     "1894934971034811243"],
    ["/Users/linyxus/Workspace/capless-lean/.lake/build/doc/Capless/Inversion/Typing.html",
     "7068937223167898040"],
    ["/Users/linyxus/Workspace/capless-lean/.lake/build/doc/Capless/Soundness/Preservation.html",
     "11719304170098444208"],
    ["/Users/linyxus/Workspace/capless-lean/.lake/build/doc/Capless/Soundness/Progress.html",
     "9838011633172508295"]]],
  ["/Users/linyxus/Workspace/capless-lean/.lake/build/doc-data/references.json",
   "11893762902049086281"],
  ["/Users/linyxus/Workspace/capless-lean/.lake/packages/doc-gen4/.lake/build/bin/doc-gen4",
   "15223597035470372104"],
  ["Capless:leanArts", "2041083300760247852"]],
 "depHash": "14085815074043704423"}