{"log":
 [{"message":
   ".> ELAN=elan ELAN_HOME=/Users/linyxus/.elan ELAN_TOOLCHAIN=leanprover/lean4:v4.21.0-rc3 LAKE=/Users/linyxus/.elan/toolchains/leanprover--lean4---v4.21.0-rc3/bin/lake LAKE_HOME=/Users/linyxus/.elan/toolchains/leanprover--lean4---v4.21.0-rc3 LAKE_PKG_URL_MAP={} LEAN=/Users/linyxus/.elan/toolchains/leanprover--lean4---v4.21.0-rc3/bin/lean LEAN_GITHASH=6741444a63eec253a7eae7a83f1beb3de015023d LEAN_SYSROOT=/Users/linyxus/.elan/toolchains/leanprover--lean4---v4.21.0-rc3 LEAN_AR=/Users/linyxus/.elan/toolchains/leanprover--lean4---v4.21.0-rc3/bin/llvm-ar LEAN_CC= LEAN_PATH=/Users/linyxus/Workspace/capless-lean/.lake/packages/Qq/.lake/build/lib/lean:/Users/linyxus/Workspace/capless-lean/.lake/packages/aesop/.lake/build/lib/lean:/Users/linyxus/Workspace/capless-lean/.lake/packages/proofwidgets/.lake/build/lib/lean:/Users/linyxus/Workspace/capless-lean/.lake/packages/LeanSearchClient/.lake/build/lib/lean:/Users/linyxus/Workspace/capless-lean/.lake/packages/plausible/.lake/build/lib/lean:/Users/linyxus/Workspace/capless-lean/.lake/packages/MD4Lean/.lake/build/lib/lean:/Users/linyxus/Workspace/capless-lean/.lake/packages/BibtexQuery/.lake/build/lib/lean:/Users/linyxus/Workspace/capless-lean/.lake/packages/UnicodeBasic/.lake/build/lib/lean:/Users/linyxus/Workspace/capless-lean/.lake/packages/Cli/.lake/build/lib/lean:/Users/linyxus/Workspace/capless-lean/.lake/packages/batteries/.lake/build/lib/lean:/Users/linyxus/Workspace/capless-lean/.lake/packages/mathlib/.lake/build/lib/lean:/Users/linyxus/Workspace/capless-lean/.lake/packages/doc-gen4/.lake/build/lib/lean:/Users/linyxus/Workspace/capless-lean/.lake/packages/importGraph/.lake/build/lib/lean:/Users/linyxus/Workspace/capless-lean/.lake/build/lib/lean:/Users/linyxus/.elan/toolchains/leanprover--lean4---v4.21.0-rc3/lib/lean LEAN_SRC_PATH=/Users/linyxus/Workspace/capless-lean/.lake/packages/Qq:/Users/linyxus/Workspace/capless-lean/.lake/packages/aesop:/Users/linyxus/Workspace/capless-lean/.lake/packages/aesop:/Users/linyxus/Workspace/capless-lean/.lake/packages/proofwidgets:/Users/linyxus/Workspace/capless-lean/.lake/packages/proofwidgets:/Users/linyxus/Workspace/capless-lean/.lake/packages/LeanSearchClient:/Users/linyxus/Workspace/capless-lean/.lake/packages/LeanSearchClient:/Users/linyxus/Workspace/capless-lean/.lake/packages/plausible:/Users/linyxus/Workspace/capless-lean/.lake/packages/plausible:/Users/linyxus/Workspace/capless-lean/.lake/packages/MD4Lean:/Users/linyxus/Workspace/capless-lean/.lake/packages/MD4Lean:/Users/linyxus/Workspace/capless-lean/.lake/packages/BibtexQuery:/Users/linyxus/Workspace/capless-lean/.lake/packages/UnicodeBasic:/Users/linyxus/Workspace/capless-lean/.lake/packages/UnicodeBasic:/Users/linyxus/Workspace/capless-lean/.lake/packages/Cli:/Users/linyxus/Workspace/capless-lean/.lake/packages/batteries:/Users/linyxus/Workspace/capless-lean/.lake/packages/batteries:/Users/linyxus/Workspace/capless-lean/.lake/packages/mathlib:/Users/linyxus/Workspace/capless-lean/.lake/packages/mathlib:/Users/linyxus/Workspace/capless-lean/.lake/packages/mathlib:/Users/linyxus/Workspace/capless-lean/.lake/packages/mathlib:/Users/linyxus/Workspace/capless-lean/.lake/packages/mathlib:/Users/linyxus/Workspace/capless-lean/.lake/packages/mathlib:/Users/linyxus/Workspace/capless-lean/.lake/packages/mathlib:/Users/linyxus/Workspace/capless-lean/.lake/packages/doc-gen4:/Users/linyxus/Workspace/capless-lean/.lake/packages/importGraph:/Users/linyxus/Workspace/capless-lean/.lake/packages/importGraph:/Users/linyxus/Workspace/capless-lean:/Users/linyxus/.elan/toolchains/leanprover--lean4---v4.21.0-rc3/src/lean/lake PATH DYLD_LIBRARY_PATH=/Users/linyxus/.elan/toolchains/leanprover--lean4---v4.21.0-rc3/lib/lean:/Users/linyxus/.elan/toolchains/leanprover--lean4---v4.21.0-rc3/lib:/Users/linyxus/Workspace/capless-lean/.lake/build/lib:/Users/linyxus/Workspace/capless-lean/.lake/packages/importGraph/.lake/build/lib:/Users/linyxus/Workspace/capless-lean/.lake/packages/doc-gen4/.lake/build/lib:/Users/linyxus/Workspace/capless-lean/.lake/packages/mathlib/.lake/build/lib:/Users/linyxus/Workspace/capless-lean/.lake/packages/batteries/.lake/build/lib:/Users/linyxus/Workspace/capless-lean/.lake/packages/Cli/.lake/build/lib:/Users/linyxus/Workspace/capless-lean/.lake/packages/UnicodeBasic/.lake/build/lib:/Users/linyxus/Workspace/capless-lean/.lake/packages/BibtexQuery/.lake/build/lib:/Users/linyxus/Workspace/capless-lean/.lake/packages/MD4Lean/.lake/build/lib:/Users/linyxus/Workspace/capless-lean/.lake/packages/plausible/.lake/build/lib:/Users/linyxus/Workspace/capless-lean/.lake/packages/LeanSearchClient/.lake/build/lib:/Users/linyxus/Workspace/capless-lean/.lake/packages/proofwidgets/.lake/build/lib:/Users/linyxus/Workspace/capless-lean/.lake/packages/aesop/.lake/build/lib:/Users/linyxus/Workspace/capless-lean/.lake/packages/Qq/.lake/build/lib /Users/linyxus/Workspace/capless-lean/.lake/packages/doc-gen4/.lake/build/bin/doc-gen4 single --build /Users/linyxus/Workspace/capless-lean/.lake/build Mathlib.Data.Finset.Basic vscode://file//Users/linyxus/Workspace/capless-lean/.lake/packages/mathlib/Mathlib/Data/Finset/Basic.lean",
   "level": "trace"}],
 "inputs":
 [["<collection>",
   [["/Users/linyxus/Workspace/capless-lean/.lake/build/doc/Mathlib/Data/Finset/Attach.html",
     "5114175742911528318"],
    ["/Users/linyxus/Workspace/capless-lean/.lake/build/doc/Mathlib/Data/Finset/Disjoint.html",
     "2603561825921293620"],
    ["/Users/linyxus/Workspace/capless-lean/.lake/build/doc/Mathlib/Data/Finset/Erase.html",
     "16869023315966051778"],
    ["/Users/linyxus/Workspace/capless-lean/.lake/build/doc/Mathlib/Data/Finset/Filter.html",
     "5528626117811428612"],
    ["/Users/linyxus/Workspace/capless-lean/.lake/build/doc/Mathlib/Data/Finset/Range.html",
     "9885880487391354791"],
    ["/Users/linyxus/Workspace/capless-lean/.lake/build/doc/Mathlib/Data/Finset/SDiff.html",
     "7832766529315130274"],
    ["/Users/linyxus/Workspace/capless-lean/.lake/build/doc/Mathlib/Data/Multiset/Basic.html",
     "15758858487745551291"],
    ["/Users/linyxus/Workspace/capless-lean/.lake/build/doc/Mathlib/Logic/Equiv/Set.html",
     "12056874219379287261"],
    ["/Users/linyxus/Workspace/capless-lean/.lake/build/doc/Mathlib/Order/Directed.html",
     "1929433533316168104"],
    ["/Users/linyxus/Workspace/capless-lean/.lake/build/doc/Mathlib/Order/Interval/Set/Defs.html",
     "14824549697134524631"],
    ["/Users/linyxus/Workspace/capless-lean/.lake/build/doc/Mathlib/Data/Set/SymmDiff.html",
     "7939838675860212738"]]],
  ["/Users/linyxus/Workspace/capless-lean/.lake/build/doc-data/references.json",
   "11893762902049086281"],
  ["/Users/linyxus/Workspace/capless-lean/.lake/packages/doc-gen4/.lake/build/bin/doc-gen4",
   "15223597035470372104"],
  ["Mathlib.Data.Finset.Basic:leanArts", "9038959259278982524"]],
 "depHash": "17276139542595856532"}