{"log":
 [{"message":
   ".> ELAN=elan ELAN_HOME=/Users/linyxus/.elan ELAN_TOOLCHAIN=leanprover/lean4:v4.21.0-rc3 LAKE=/Users/linyxus/.elan/toolchains/leanprover--lean4---v4.21.0-rc3/bin/lake LAKE_HOME=/Users/linyxus/.elan/toolchains/leanprover--lean4---v4.21.0-rc3 LAKE_PKG_URL_MAP={} LEAN=/Users/linyxus/.elan/toolchains/leanprover--lean4---v4.21.0-rc3/bin/lean LEAN_GITHASH=6741444a63eec253a7eae7a83f1beb3de015023d LEAN_SYSROOT=/Users/linyxus/.elan/toolchains/leanprover--lean4---v4.21.0-rc3 LEAN_AR=/Users/linyxus/.elan/toolchains/leanprover--lean4---v4.21.0-rc3/bin/llvm-ar LEAN_CC= LEAN_PATH=/Users/linyxus/Workspace/capless-lean/.lake/packages/Qq/.lake/build/lib/lean:/Users/linyxus/Workspace/capless-lean/.lake/packages/aesop/.lake/build/lib/lean:/Users/linyxus/Workspace/capless-lean/.lake/packages/proofwidgets/.lake/build/lib/lean:/Users/linyxus/Workspace/capless-lean/.lake/packages/LeanSearchClient/.lake/build/lib/lean:/Users/linyxus/Workspace/capless-lean/.lake/packages/plausible/.lake/build/lib/lean:/Users/linyxus/Workspace/capless-lean/.lake/packages/MD4Lean/.lake/build/lib/lean:/Users/linyxus/Workspace/capless-lean/.lake/packages/BibtexQuery/.lake/build/lib/lean:/Users/linyxus/Workspace/capless-lean/.lake/packages/UnicodeBasic/.lake/build/lib/lean:/Users/linyxus/Workspace/capless-lean/.lake/packages/Cli/.lake/build/lib/lean:/Users/linyxus/Workspace/capless-lean/.lake/packages/batteries/.lake/build/lib/lean:/Users/linyxus/Workspace/capless-lean/.lake/packages/mathlib/.lake/build/lib/lean:/Users/linyxus/Workspace/capless-lean/.lake/packages/doc-gen4/.lake/build/lib/lean:/Users/linyxus/Workspace/capless-lean/.lake/packages/importGraph/.lake/build/lib/lean:/Users/linyxus/Workspace/capless-lean/.lake/build/lib/lean:/Users/linyxus/.elan/toolchains/leanprover--lean4---v4.21.0-rc3/lib/lean LEAN_SRC_PATH=/Users/linyxus/Workspace/capless-lean/.lake/packages/Qq:/Users/linyxus/Workspace/capless-lean/.lake/packages/aesop:/Users/linyxus/Workspace/capless-lean/.lake/packages/aesop:/Users/linyxus/Workspace/capless-lean/.lake/packages/proofwidgets:/Users/linyxus/Workspace/capless-lean/.lake/packages/proofwidgets:/Users/linyxus/Workspace/capless-lean/.lake/packages/LeanSearchClient:/Users/linyxus/Workspace/capless-lean/.lake/packages/LeanSearchClient:/Users/linyxus/Workspace/capless-lean/.lake/packages/plausible:/Users/linyxus/Workspace/capless-lean/.lake/packages/plausible:/Users/linyxus/Workspace/capless-lean/.lake/packages/MD4Lean:/Users/linyxus/Workspace/capless-lean/.lake/packages/MD4Lean:/Users/linyxus/Workspace/capless-lean/.lake/packages/BibtexQuery:/Users/linyxus/Workspace/capless-lean/.lake/packages/UnicodeBasic:/Users/linyxus/Workspace/capless-lean/.lake/packages/UnicodeBasic:/Users/linyxus/Workspace/capless-lean/.lake/packages/Cli:/Users/linyxus/Workspace/capless-lean/.lake/packages/batteries:/Users/linyxus/Workspace/capless-lean/.lake/packages/batteries:/Users/linyxus/Workspace/capless-lean/.lake/packages/mathlib:/Users/linyxus/Workspace/capless-lean/.lake/packages/mathlib:/Users/linyxus/Workspace/capless-lean/.lake/packages/mathlib:/Users/linyxus/Workspace/capless-lean/.lake/packages/mathlib:/Users/linyxus/Workspace/capless-lean/.lake/packages/mathlib:/Users/linyxus/Workspace/capless-lean/.lake/packages/mathlib:/Users/linyxus/Workspace/capless-lean/.lake/packages/mathlib:/Users/linyxus/Workspace/capless-lean/.lake/packages/doc-gen4:/Users/linyxus/Workspace/capless-lean/.lake/packages/importGraph:/Users/linyxus/Workspace/capless-lean/.lake/packages/importGraph:/Users/linyxus/Workspace/capless-lean:/Users/linyxus/.elan/toolchains/leanprover--lean4---v4.21.0-rc3/src/lean/lake PATH DYLD_LIBRARY_PATH=/Users/linyxus/.elan/toolchains/leanprover--lean4---v4.21.0-rc3/lib/lean:/Users/linyxus/.elan/toolchains/leanprover--lean4---v4.21.0-rc3/lib:/Users/linyxus/Workspace/capless-lean/.lake/build/lib:/Users/linyxus/Workspace/capless-lean/.lake/packages/importGraph/.lake/build/lib:/Users/linyxus/Workspace/capless-lean/.lake/packages/doc-gen4/.lake/build/lib:/Users/linyxus/Workspace/capless-lean/.lake/packages/mathlib/.lake/build/lib:/Users/linyxus/Workspace/capless-lean/.lake/packages/batteries/.lake/build/lib:/Users/linyxus/Workspace/capless-lean/.lake/packages/Cli/.lake/build/lib:/Users/linyxus/Workspace/capless-lean/.lake/packages/UnicodeBasic/.lake/build/lib:/Users/linyxus/Workspace/capless-lean/.lake/packages/BibtexQuery/.lake/build/lib:/Users/linyxus/Workspace/capless-lean/.lake/packages/MD4Lean/.lake/build/lib:/Users/linyxus/Workspace/capless-lean/.lake/packages/plausible/.lake/build/lib:/Users/linyxus/Workspace/capless-lean/.lake/packages/LeanSearchClient/.lake/build/lib:/Users/linyxus/Workspace/capless-lean/.lake/packages/proofwidgets/.lake/build/lib:/Users/linyxus/Workspace/capless-lean/.lake/packages/aesop/.lake/build/lib:/Users/linyxus/Workspace/capless-lean/.lake/packages/Qq/.lake/build/lib /Users/linyxus/Workspace/capless-lean/.lake/packages/doc-gen4/.lake/build/bin/doc-gen4 single --build /Users/linyxus/Workspace/capless-lean/.lake/build Aesop.Tree vscode://file//Users/linyxus/Workspace/capless-lean/.lake/packages/aesop/Aesop/Tree.lean",
   "level": "trace"}],
 "inputs":
 [["<collection>",
   [["/Users/linyxus/Workspace/capless-lean/.lake/build/doc/Aesop/Tree/AddRapp.html",
     "8103769950497675990"],
    ["/Users/linyxus/Workspace/capless-lean/.lake/build/doc/Aesop/Tree/Check.html",
     "9048107082442100988"],
    ["/Users/linyxus/Workspace/capless-lean/.lake/build/doc/Aesop/Tree/Data.html",
     "5419211356266525168"],
    ["/Users/linyxus/Workspace/capless-lean/.lake/build/doc/Aesop/Tree/ExtractProof.html",
     "18438893584661209351"],
    ["/Users/linyxus/Workspace/capless-lean/.lake/build/doc/Aesop/Tree/ExtractScript.html",
     "14000080252664551533"],
    ["/Users/linyxus/Workspace/capless-lean/.lake/build/doc/Aesop/Tree/Free.html",
     "14565190843565999306"],
    ["/Users/linyxus/Workspace/capless-lean/.lake/build/doc/Aesop/Tree/RunMetaM.html",
     "5627834062611516677"],
    ["/Users/linyxus/Workspace/capless-lean/.lake/build/doc/Aesop/Tree/State.html",
     "11606731628439292148"],
    ["/Users/linyxus/Workspace/capless-lean/.lake/build/doc/Aesop/Tree/Tracing.html",
     "6062171497921079185"],
    ["/Users/linyxus/Workspace/capless-lean/.lake/build/doc/Aesop/Tree/Traversal.html",
     "6257834099067081167"],
    ["/Users/linyxus/Workspace/capless-lean/.lake/build/doc/Aesop/Tree/TreeM.html",
     "3648571448305937196"],
    ["/Users/linyxus/Workspace/capless-lean/.lake/build/doc/Aesop/Tree/UnsafeQueue.html",
     "17908578974932008807"]]],
  ["/Users/linyxus/Workspace/capless-lean/.lake/build/doc-data/references.json",
   "11893762902049086281"],
  ["/Users/linyxus/Workspace/capless-lean/.lake/packages/doc-gen4/.lake/build/bin/doc-gen4",
   "15223597035470372104"],
  ["Aesop.Tree:leanArts", "6938380882911896553"]],
 "depHash": "14643263578874496642"}