{"log":
 [{"message":
   ".> ELAN=elan ELAN_HOME=/Users/linyxus/.elan ELAN_TOOLCHAIN=leanprover/lean4:v4.21.0-rc3 LAKE=/Users/linyxus/.elan/toolchains/leanprover--lean4---v4.21.0-rc3/bin/lake LAKE_HOME=/Users/linyxus/.elan/toolchains/leanprover--lean4---v4.21.0-rc3 LAKE_PKG_URL_MAP={} LEAN=/Users/linyxus/.elan/toolchains/leanprover--lean4---v4.21.0-rc3/bin/lean LEAN_GITHASH=6741444a63eec253a7eae7a83f1beb3de015023d LEAN_SYSROOT=/Users/linyxus/.elan/toolchains/leanprover--lean4---v4.21.0-rc3 LEAN_AR=/Users/linyxus/.elan/toolchains/leanprover--lean4---v4.21.0-rc3/bin/llvm-ar LEAN_CC= LEAN_PATH=/Users/linyxus/Workspace/capless-lean/.lake/packages/Qq/.lake/build/lib/lean:/Users/linyxus/Workspace/capless-lean/.lake/packages/aesop/.lake/build/lib/lean:/Users/linyxus/Workspace/capless-lean/.lake/packages/proofwidgets/.lake/build/lib/lean:/Users/linyxus/Workspace/capless-lean/.lake/packages/LeanSearchClient/.lake/build/lib/lean:/Users/linyxus/Workspace/capless-lean/.lake/packages/plausible/.lake/build/lib/lean:/Users/linyxus/Workspace/capless-lean/.lake/packages/MD4Lean/.lake/build/lib/lean:/Users/linyxus/Workspace/capless-lean/.lake/packages/BibtexQuery/.lake/build/lib/lean:/Users/linyxus/Workspace/capless-lean/.lake/packages/UnicodeBasic/.lake/build/lib/lean:/Users/linyxus/Workspace/capless-lean/.lake/packages/Cli/.lake/build/lib/lean:/Users/linyxus/Workspace/capless-lean/.lake/packages/batteries/.lake/build/lib/lean:/Users/linyxus/Workspace/capless-lean/.lake/packages/mathlib/.lake/build/lib/lean:/Users/linyxus/Workspace/capless-lean/.lake/packages/doc-gen4/.lake/build/lib/lean:/Users/linyxus/Workspace/capless-lean/.lake/packages/importGraph/.lake/build/lib/lean:/Users/linyxus/Workspace/capless-lean/.lake/build/lib/lean:/Users/linyxus/.elan/toolchains/leanprover--lean4---v4.21.0-rc3/lib/lean LEAN_SRC_PATH=/Users/linyxus/Workspace/capless-lean/.lake/packages/Qq:/Users/linyxus/Workspace/capless-lean/.lake/packages/aesop:/Users/linyxus/Workspace/capless-lean/.lake/packages/aesop:/Users/linyxus/Workspace/capless-lean/.lake/packages/proofwidgets:/Users/linyxus/Workspace/capless-lean/.lake/packages/proofwidgets:/Users/linyxus/Workspace/capless-lean/.lake/packages/LeanSearchClient:/Users/linyxus/Workspace/capless-lean/.lake/packages/LeanSearchClient:/Users/linyxus/Workspace/capless-lean/.lake/packages/plausible:/Users/linyxus/Workspace/capless-lean/.lake/packages/plausible:/Users/linyxus/Workspace/capless-lean/.lake/packages/MD4Lean:/Users/linyxus/Workspace/capless-lean/.lake/packages/MD4Lean:/Users/linyxus/Workspace/capless-lean/.lake/packages/BibtexQuery:/Users/linyxus/Workspace/capless-lean/.lake/packages/UnicodeBasic:/Users/linyxus/Workspace/capless-lean/.lake/packages/UnicodeBasic:/Users/linyxus/Workspace/capless-lean/.lake/packages/Cli:/Users/linyxus/Workspace/capless-lean/.lake/packages/batteries:/Users/linyxus/Workspace/capless-lean/.lake/packages/batteries:/Users/linyxus/Workspace/capless-lean/.lake/packages/mathlib:/Users/linyxus/Workspace/capless-lean/.lake/packages/mathlib:/Users/linyxus/Workspace/capless-lean/.lake/packages/mathlib:/Users/linyxus/Workspace/capless-lean/.lake/packages/mathlib:/Users/linyxus/Workspace/capless-lean/.lake/packages/mathlib:/Users/linyxus/Workspace/capless-lean/.lake/packages/mathlib:/Users/linyxus/Workspace/capless-lean/.lake/packages/mathlib:/Users/linyxus/Workspace/capless-lean/.lake/packages/doc-gen4:/Users/linyxus/Workspace/capless-lean/.lake/packages/importGraph:/Users/linyxus/Workspace/capless-lean/.lake/packages/importGraph:/Users/linyxus/Workspace/capless-lean:/Users/linyxus/.elan/toolchains/leanprover--lean4---v4.21.0-rc3/src/lean/lake PATH DYLD_LIBRARY_PATH=/Users/linyxus/.elan/toolchains/leanprover--lean4---v4.21.0-rc3/lib/lean:/Users/linyxus/.elan/toolchains/leanprover--lean4---v4.21.0-rc3/lib:/Users/linyxus/Workspace/capless-lean/.lake/build/lib:/Users/linyxus/Workspace/capless-lean/.lake/packages/importGraph/.lake/build/lib:/Users/linyxus/Workspace/capless-lean/.lake/packages/doc-gen4/.lake/build/lib:/Users/linyxus/Workspace/capless-lean/.lake/packages/mathlib/.lake/build/lib:/Users/linyxus/Workspace/capless-lean/.lake/packages/batteries/.lake/build/lib:/Users/linyxus/Workspace/capless-lean/.lake/packages/Cli/.lake/build/lib:/Users/linyxus/Workspace/capless-lean/.lake/packages/UnicodeBasic/.lake/build/lib:/Users/linyxus/Workspace/capless-lean/.lake/packages/BibtexQuery/.lake/build/lib:/Users/linyxus/Workspace/capless-lean/.lake/packages/MD4Lean/.lake/build/lib:/Users/linyxus/Workspace/capless-lean/.lake/packages/plausible/.lake/build/lib:/Users/linyxus/Workspace/capless-lean/.lake/packages/LeanSearchClient/.lake/build/lib:/Users/linyxus/Workspace/capless-lean/.lake/packages/proofwidgets/.lake/build/lib:/Users/linyxus/Workspace/capless-lean/.lake/packages/aesop/.lake/build/lib:/Users/linyxus/Workspace/capless-lean/.lake/packages/Qq/.lake/build/lib /Users/linyxus/Workspace/capless-lean/.lake/packages/doc-gen4/.lake/build/bin/doc-gen4 single --build /Users/linyxus/Workspace/capless-lean/.lake/build Aesop.RuleTac.Basic vscode://file//Users/linyxus/Workspace/capless-lean/.lake/packages/aesop/Aesop/RuleTac/Basic.lean",
   "level": "trace"}],
 "inputs":
 [["<collection>",
   [["/Users/linyxus/Workspace/capless-lean/.lake/build/doc/Aesop/Forward/Match/Types.html",
     "10445119823132728170"],
    ["/Users/linyxus/Workspace/capless-lean/.lake/build/doc/Aesop/Index/Basic.html",
     "14658932476702715223"],
    ["/Users/linyxus/Workspace/capless-lean/.lake/build/doc/Aesop/Percent.html",
     "15024793436800101414"],
    ["/Users/linyxus/Workspace/capless-lean/.lake/build/doc/Aesop/Rule/Forward.html",
     "16850745643015389736"],
    ["/Users/linyxus/Workspace/capless-lean/.lake/build/doc/Aesop/RuleTac/GoalDiff.html",
     "10455913204835031938"],
    ["/Users/linyxus/Workspace/capless-lean/.lake/build/doc/Aesop/RuleTac/FVarIdSubst.html",
     "5578486413161355943"],
    ["/Users/linyxus/Workspace/capless-lean/.lake/build/doc/Aesop/Script/CtorNames.html",
     "5890725232063660028"],
    ["/Users/linyxus/Workspace/capless-lean/.lake/build/doc/Aesop/Script/Step.html",
     "3290046146496553069"],
    ["/Users/linyxus/Workspace/capless-lean/.lake/build/doc/Batteries/Lean/Meta/SavedState.html",
     "7015328060062203195"],
    ["/Users/linyxus/Workspace/capless-lean/.lake/build/doc/Aesop/Options/Internal.html",
     "5939886918410849430"]]],
  ["/Users/linyxus/Workspace/capless-lean/.lake/build/doc-data/references.json",
   "11893762902049086281"],
  ["/Users/linyxus/Workspace/capless-lean/.lake/packages/doc-gen4/.lake/build/bin/doc-gen4",
   "15223597035470372104"],
  ["Aesop.RuleTac.Basic:leanArts", "797149078985817127"]],
 "depHash": "15257387839941701091"}