{"log":
 [{"message":
   ".> ELAN=elan ELAN_HOME=/Users/linyxus/.elan ELAN_TOOLCHAIN=leanprover/lean4:v4.21.0-rc3 LAKE=/Users/linyxus/.elan/toolchains/leanprover--lean4---v4.21.0-rc3/bin/lake LAKE_HOME=/Users/linyxus/.elan/toolchains/leanprover--lean4---v4.21.0-rc3 LAKE_PKG_URL_MAP={} LEAN=/Users/linyxus/.elan/toolchains/leanprover--lean4---v4.21.0-rc3/bin/lean LEAN_GITHASH=6741444a63eec253a7eae7a83f1beb3de015023d LEAN_SYSROOT=/Users/linyxus/.elan/toolchains/leanprover--lean4---v4.21.0-rc3 LEAN_AR=/Users/linyxus/.elan/toolchains/leanprover--lean4---v4.21.0-rc3/bin/llvm-ar LEAN_CC= LEAN_PATH=/Users/linyxus/Workspace/capless-lean/.lake/packages/Qq/.lake/build/lib/lean:/Users/linyxus/Workspace/capless-lean/.lake/packages/aesop/.lake/build/lib/lean:/Users/linyxus/Workspace/capless-lean/.lake/packages/proofwidgets/.lake/build/lib/lean:/Users/linyxus/Workspace/capless-lean/.lake/packages/LeanSearchClient/.lake/build/lib/lean:/Users/linyxus/Workspace/capless-lean/.lake/packages/plausible/.lake/build/lib/lean:/Users/linyxus/Workspace/capless-lean/.lake/packages/MD4Lean/.lake/build/lib/lean:/Users/linyxus/Workspace/capless-lean/.lake/packages/BibtexQuery/.lake/build/lib/lean:/Users/linyxus/Workspace/capless-lean/.lake/packages/UnicodeBasic/.lake/build/lib/lean:/Users/linyxus/Workspace/capless-lean/.lake/packages/Cli/.lake/build/lib/lean:/Users/linyxus/Workspace/capless-lean/.lake/packages/batteries/.lake/build/lib/lean:/Users/linyxus/Workspace/capless-lean/.lake/packages/mathlib/.lake/build/lib/lean:/Users/linyxus/Workspace/capless-lean/.lake/packages/doc-gen4/.lake/build/lib/lean:/Users/linyxus/Workspace/capless-lean/.lake/packages/importGraph/.lake/build/lib/lean:/Users/linyxus/Workspace/capless-lean/.lake/build/lib/lean:/Users/linyxus/.elan/toolchains/leanprover--lean4---v4.21.0-rc3/lib/lean LEAN_SRC_PATH=/Users/linyxus/Workspace/capless-lean/.lake/packages/Qq:/Users/linyxus/Workspace/capless-lean/.lake/packages/aesop:/Users/linyxus/Workspace/capless-lean/.lake/packages/aesop:/Users/linyxus/Workspace/capless-lean/.lake/packages/proofwidgets:/Users/linyxus/Workspace/capless-lean/.lake/packages/proofwidgets:/Users/linyxus/Workspace/capless-lean/.lake/packages/LeanSearchClient:/Users/linyxus/Workspace/capless-lean/.lake/packages/LeanSearchClient:/Users/linyxus/Workspace/capless-lean/.lake/packages/plausible:/Users/linyxus/Workspace/capless-lean/.lake/packages/plausible:/Users/linyxus/Workspace/capless-lean/.lake/packages/MD4Lean:/Users/linyxus/Workspace/capless-lean/.lake/packages/MD4Lean:/Users/linyxus/Workspace/capless-lean/.lake/packages/BibtexQuery:/Users/linyxus/Workspace/capless-lean/.lake/packages/UnicodeBasic:/Users/linyxus/Workspace/capless-lean/.lake/packages/UnicodeBasic:/Users/linyxus/Workspace/capless-lean/.lake/packages/Cli:/Users/linyxus/Workspace/capless-lean/.lake/packages/batteries:/Users/linyxus/Workspace/capless-lean/.lake/packages/batteries:/Users/linyxus/Workspace/capless-lean/.lake/packages/mathlib:/Users/linyxus/Workspace/capless-lean/.lake/packages/mathlib:/Users/linyxus/Workspace/capless-lean/.lake/packages/mathlib:/Users/linyxus/Workspace/capless-lean/.lake/packages/mathlib:/Users/linyxus/Workspace/capless-lean/.lake/packages/mathlib:/Users/linyxus/Workspace/capless-lean/.lake/packages/mathlib:/Users/linyxus/Workspace/capless-lean/.lake/packages/mathlib:/Users/linyxus/Workspace/capless-lean/.lake/packages/doc-gen4:/Users/linyxus/Workspace/capless-lean/.lake/packages/importGraph:/Users/linyxus/Workspace/capless-lean/.lake/packages/importGraph:/Users/linyxus/Workspace/capless-lean:/Users/linyxus/.elan/toolchains/leanprover--lean4---v4.21.0-rc3/src/lean/lake PATH DYLD_LIBRARY_PATH=/Users/linyxus/.elan/toolchains/leanprover--lean4---v4.21.0-rc3/lib/lean:/Users/linyxus/.elan/toolchains/leanprover--lean4---v4.21.0-rc3/lib:/Users/linyxus/Workspace/capless-lean/.lake/build/lib:/Users/linyxus/Workspace/capless-lean/.lake/packages/importGraph/.lake/build/lib:/Users/linyxus/Workspace/capless-lean/.lake/packages/doc-gen4/.lake/build/lib:/Users/linyxus/Workspace/capless-lean/.lake/packages/mathlib/.lake/build/lib:/Users/linyxus/Workspace/capless-lean/.lake/packages/batteries/.lake/build/lib:/Users/linyxus/Workspace/capless-lean/.lake/packages/Cli/.lake/build/lib:/Users/linyxus/Workspace/capless-lean/.lake/packages/UnicodeBasic/.lake/build/lib:/Users/linyxus/Workspace/capless-lean/.lake/packages/BibtexQuery/.lake/build/lib:/Users/linyxus/Workspace/capless-lean/.lake/packages/MD4Lean/.lake/build/lib:/Users/linyxus/Workspace/capless-lean/.lake/packages/plausible/.lake/build/lib:/Users/linyxus/Workspace/capless-lean/.lake/packages/LeanSearchClient/.lake/build/lib:/Users/linyxus/Workspace/capless-lean/.lake/packages/proofwidgets/.lake/build/lib:/Users/linyxus/Workspace/capless-lean/.lake/packages/aesop/.lake/build/lib:/Users/linyxus/Workspace/capless-lean/.lake/packages/Qq/.lake/build/lib /Users/linyxus/Workspace/capless-lean/.lake/packages/doc-gen4/.lake/build/bin/doc-gen4 single --build /Users/linyxus/Workspace/capless-lean/.lake/build Mathlib.Tactic.Common vscode://file//Users/linyxus/Workspace/capless-lean/.lake/packages/mathlib/Mathlib/Tactic/Common.lean",
   "level": "trace"}],
 "inputs":
 [["<collection>",
   [["/Users/linyxus/Workspace/capless-lean/.lake/build/doc/Aesop.html",
     "242841725245102893"],
    ["/Users/linyxus/Workspace/capless-lean/.lake/build/doc/Qq.html",
     "421692483573331655"],
    ["/Users/linyxus/Workspace/capless-lean/.lake/build/doc/Plausible.html",
     "10592628467510125870"],
    ["/Users/linyxus/Workspace/capless-lean/.lake/build/doc/ImportGraph/Imports.html",
     "1912668083615396399"],
    ["/Users/linyxus/Workspace/capless-lean/.lake/build/doc/Batteries/Tactic/Basic.html",
     "7676979676548676405"],
    ["/Users/linyxus/Workspace/capless-lean/.lake/build/doc/Batteries/Tactic/Case.html",
     "7651062125747465241"],
    ["/Users/linyxus/Workspace/capless-lean/.lake/build/doc/Batteries/Tactic/HelpCmd.html",
     "2189016616012215228"],
    ["/Users/linyxus/Workspace/capless-lean/.lake/build/doc/LeanSearchClient.html",
     "3868071738633853364"],
    ["/Users/linyxus/Workspace/capless-lean/.lake/build/doc/Mathlib/Tactic/Linter/Lint.html",
     "5093390710675935119"],
    ["/Users/linyxus/Workspace/capless-lean/.lake/build/doc/Mathlib/Tactic/ApplyCongr.html",
     "5371922513113276027"],
    ["/Users/linyxus/Workspace/capless-lean/.lake/build/doc/Mathlib/Tactic/ApplyAt.html",
     "16918883483069286745"],
    ["/Users/linyxus/Workspace/capless-lean/.lake/build/doc/Mathlib/Tactic/ApplyWith.html",
     "3477077815662137288"],
    ["/Users/linyxus/Workspace/capless-lean/.lake/build/doc/Mathlib/Tactic/Basic.html",
     "1566219935778376211"],
    ["/Users/linyxus/Workspace/capless-lean/.lake/build/doc/Mathlib/Tactic/ByContra.html",
     "4603585779574884454"],
    ["/Users/linyxus/Workspace/capless-lean/.lake/build/doc/Mathlib/Tactic/Cases.html",
     "5933810063946258727"],
    ["/Users/linyxus/Workspace/capless-lean/.lake/build/doc/Mathlib/Tactic/CasesM.html",
     "7783480118700399234"],
    ["/Users/linyxus/Workspace/capless-lean/.lake/build/doc/Mathlib/Tactic/Check.html",
     "18230179825284618691"],
    ["/Users/linyxus/Workspace/capless-lean/.lake/build/doc/Mathlib/Tactic/Choose.html",
     "12966708287046947850"],
    ["/Users/linyxus/Workspace/capless-lean/.lake/build/doc/Mathlib/Tactic/ClearExclamation.html",
     "16714505786021543407"],
    ["/Users/linyxus/Workspace/capless-lean/.lake/build/doc/Mathlib/Tactic/ClearExcept.html",
     "3000332132849489212"],
    ["/Users/linyxus/Workspace/capless-lean/.lake/build/doc/Mathlib/Tactic/Clear_.html",
     "7017145465982051202"],
    ["/Users/linyxus/Workspace/capless-lean/.lake/build/doc/Mathlib/Tactic/Coe.html",
     "1204836133909473258"],
    ["/Users/linyxus/Workspace/capless-lean/.lake/build/doc/Mathlib/Tactic/CongrExclamation.html",
     "10241886072656478330"],
    ["/Users/linyxus/Workspace/capless-lean/.lake/build/doc/Mathlib/Tactic/CongrM.html",
     "17458614672062236697"],
    ["/Users/linyxus/Workspace/capless-lean/.lake/build/doc/Mathlib/Tactic/Constructor.html",
     "9343530869955180368"],
    ["/Users/linyxus/Workspace/capless-lean/.lake/build/doc/Mathlib/Tactic/Contrapose.html",
     "5571750576979989770"],
    ["/Users/linyxus/Workspace/capless-lean/.lake/build/doc/Mathlib/Tactic/Conv.html",
     "101521386307699084"],
    ["/Users/linyxus/Workspace/capless-lean/.lake/build/doc/Mathlib/Tactic/Convert.html",
     "14760516195201389211"],
    ["/Users/linyxus/Workspace/capless-lean/.lake/build/doc/Mathlib/Tactic/DefEqTransformations.html",
     "11024257353032575485"],
    ["/Users/linyxus/Workspace/capless-lean/.lake/build/doc/Mathlib/Tactic/DeprecateTo.html",
     "17677382606588512696"],
    ["/Users/linyxus/Workspace/capless-lean/.lake/build/doc/Mathlib/Tactic/ErwQuestion.html",
     "8989114000294477804"],
    ["/Users/linyxus/Workspace/capless-lean/.lake/build/doc/Mathlib/Tactic/Eqns.html",
     "1469499220253197361"],
    ["/Users/linyxus/Workspace/capless-lean/.lake/build/doc/Mathlib/Tactic/ExistsI.html",
     "5279211475752528655"],
    ["/Users/linyxus/Workspace/capless-lean/.lake/build/doc/Mathlib/Tactic/ExtractGoal.html",
     "4045949858011513323"],
    ["/Users/linyxus/Workspace/capless-lean/.lake/build/doc/Mathlib/Tactic/FailIfNoProgress.html",
     "6009400757305291222"],
    ["/Users/linyxus/Workspace/capless-lean/.lake/build/doc/Mathlib/Tactic/Find.html",
     "13916977460604319442"],
    ["/Users/linyxus/Workspace/capless-lean/.lake/build/doc/Mathlib/Tactic/GCongr.html",
     "772410187081957731"],
    ["/Users/linyxus/Workspace/capless-lean/.lake/build/doc/Mathlib/Tactic/GRewrite.html",
     "15533563309894097122"],
    ["/Users/linyxus/Workspace/capless-lean/.lake/build/doc/Mathlib/Tactic/GeneralizeProofs.html",
     "8365832617883326954"],
    ["/Users/linyxus/Workspace/capless-lean/.lake/build/doc/Mathlib/Tactic/GuardGoalNums.html",
     "2326883951582965106"],
    ["/Users/linyxus/Workspace/capless-lean/.lake/build/doc/Mathlib/Tactic/GuardHypNums.html",
     "16718419985297093674"],
    ["/Users/linyxus/Workspace/capless-lean/.lake/build/doc/Mathlib/Tactic/HigherOrder.html",
     "2551167009137650722"],
    ["/Users/linyxus/Workspace/capless-lean/.lake/build/doc/Mathlib/Tactic/Hint.html",
     "8754496167414045080"],
    ["/Users/linyxus/Workspace/capless-lean/.lake/build/doc/Mathlib/Tactic/InferParam.html",
     "9342432217524082794"],
    ["/Users/linyxus/Workspace/capless-lean/.lake/build/doc/Mathlib/Tactic/Inhabit.html",
     "7137293581327778736"],
    ["/Users/linyxus/Workspace/capless-lean/.lake/build/doc/Mathlib/Tactic/IrreducibleDef.html",
     "337076466896013337"],
    ["/Users/linyxus/Workspace/capless-lean/.lake/build/doc/Mathlib/Tactic/Lift.html",
     "8162992525229632748"],
    ["/Users/linyxus/Workspace/capless-lean/.lake/build/doc/Mathlib/Tactic/Linter.html",
     "7151122575021778822"],
    ["/Users/linyxus/Workspace/capless-lean/.lake/build/doc/Mathlib/Tactic/MkIffOfInductiveProp.html",
     "14813170531217334559"],
    ["/Users/linyxus/Workspace/capless-lean/.lake/build/doc/Mathlib/Tactic/NthRewrite.html",
     "16426403989443668818"],
    ["/Users/linyxus/Workspace/capless-lean/.lake/build/doc/Mathlib/Tactic/Observe.html",
     "6259565205175595692"],
    ["/Users/linyxus/Workspace/capless-lean/.lake/build/doc/Mathlib/Tactic/OfNat.html",
     "893393447655436948"],
    ["/Users/linyxus/Workspace/capless-lean/.lake/build/doc/Mathlib/Tactic/Propose.html",
     "16296864479352961215"],
    ["/Users/linyxus/Workspace/capless-lean/.lake/build/doc/Mathlib/Tactic/Push.html",
     "8494584802544774568"],
    ["/Users/linyxus/Workspace/capless-lean/.lake/build/doc/Mathlib/Tactic/RSuffices.html",
     "288552696622533068"],
    ["/Users/linyxus/Workspace/capless-lean/.lake/build/doc/Mathlib/Tactic/Recover.html",
     "1599545477650483708"],
    ["/Users/linyxus/Workspace/capless-lean/.lake/build/doc/Mathlib/Tactic/Relation/Rfl.html",
     "2152884886232225548"],
    ["/Users/linyxus/Workspace/capless-lean/.lake/build/doc/Mathlib/Tactic/Rename.html",
     "8975300191065938106"],
    ["/Users/linyxus/Workspace/capless-lean/.lake/build/doc/Mathlib/Tactic/RenameBVar.html",
     "2609633473675374430"],
    ["/Users/linyxus/Workspace/capless-lean/.lake/build/doc/Mathlib/Tactic/Says.html",
     "7656333334652208061"],
    ["/Users/linyxus/Workspace/capless-lean/.lake/build/doc/Mathlib/Tactic/ScopedNS.html",
     "12157488536211924336"],
    ["/Users/linyxus/Workspace/capless-lean/.lake/build/doc/Mathlib/Tactic/Set.html",
     "1270110389999165989"],
    ["/Users/linyxus/Workspace/capless-lean/.lake/build/doc/Mathlib/Tactic/SimpIntro.html",
     "233178556922917938"],
    ["/Users/linyxus/Workspace/capless-lean/.lake/build/doc/Mathlib/Tactic/SimpRw.html",
     "8825443985460780712"],
    ["/Users/linyxus/Workspace/capless-lean/.lake/build/doc/Mathlib/Tactic/Simps/Basic.html",
     "9548238393635097049"],
    ["/Users/linyxus/Workspace/capless-lean/.lake/build/doc/Mathlib/Tactic/SplitIfs.html",
     "3415823040226240183"],
    ["/Users/linyxus/Workspace/capless-lean/.lake/build/doc/Mathlib/Tactic/Spread.html",
     "7954651839998256756"],
    ["/Users/linyxus/Workspace/capless-lean/.lake/build/doc/Mathlib/Tactic/Subsingleton.html",
     "8306544595482247711"],
    ["/Users/linyxus/Workspace/capless-lean/.lake/build/doc/Mathlib/Tactic/Substs.html",
     "758516637269439099"],
    ["/Users/linyxus/Workspace/capless-lean/.lake/build/doc/Mathlib/Tactic/SuccessIfFailWithMsg.html",
     "4651542213640451089"],
    ["/Users/linyxus/Workspace/capless-lean/.lake/build/doc/Mathlib/Tactic/SudoSetOption.html",
     "9830182103198171865"],
    ["/Users/linyxus/Workspace/capless-lean/.lake/build/doc/Mathlib/Tactic/SwapVar.html",
     "18210231346353344546"],
    ["/Users/linyxus/Workspace/capless-lean/.lake/build/doc/Mathlib/Tactic/Tauto.html",
     "15870187642901811259"],
    ["/Users/linyxus/Workspace/capless-lean/.lake/build/doc/Mathlib/Tactic/TermCongr.html",
     "16477829440490456922"],
    ["/Users/linyxus/Workspace/capless-lean/.lake/build/doc/Mathlib/Tactic/ToExpr.html",
     "892271924011786665"],
    ["/Users/linyxus/Workspace/capless-lean/.lake/build/doc/Mathlib/Tactic/ToLevel.html",
     "15234306330861058505"],
    ["/Users/linyxus/Workspace/capless-lean/.lake/build/doc/Mathlib/Tactic/Trace.html",
     "4190940313197616262"],
    ["/Users/linyxus/Workspace/capless-lean/.lake/build/doc/Mathlib/Tactic/TypeCheck.html",
     "2768954805336598765"],
    ["/Users/linyxus/Workspace/capless-lean/.lake/build/doc/Mathlib/Tactic/UnsetOption.html",
     "10899386954669504515"],
    ["/Users/linyxus/Workspace/capless-lean/.lake/build/doc/Mathlib/Tactic/Use.html",
     "11096555832661331506"],
    ["/Users/linyxus/Workspace/capless-lean/.lake/build/doc/Mathlib/Tactic/Variable.html",
     "9391514177419198194"],
    ["/Users/linyxus/Workspace/capless-lean/.lake/build/doc/Mathlib/Tactic/Widget/Calc.html",
     "15604541438998635270"],
    ["/Users/linyxus/Workspace/capless-lean/.lake/build/doc/Mathlib/Tactic/Widget/CongrM.html",
     "1313558937746747987"],
    ["/Users/linyxus/Workspace/capless-lean/.lake/build/doc/Mathlib/Tactic/Widget/Conv.html",
     "14639351476095148733"],
    ["/Users/linyxus/Workspace/capless-lean/.lake/build/doc/Mathlib/Tactic/WLOG.html",
     "13523897165214379879"],
    ["/Users/linyxus/Workspace/capless-lean/.lake/build/doc/Mathlib/Util/AssertExists.html",
     "17080922435529402695"],
    ["/Users/linyxus/Workspace/capless-lean/.lake/build/doc/Mathlib/Util/CountHeartbeats.html",
     "4717555985552331326"],
    ["/Users/linyxus/Workspace/capless-lean/.lake/build/doc/Mathlib/Util/TransImports.html",
     "15139742189830965486"],
    ["/Users/linyxus/Workspace/capless-lean/.lake/build/doc/Mathlib/Util/WhatsNew.html",
     "9236291023340100784"]]],
  ["/Users/linyxus/Workspace/capless-lean/.lake/build/doc-data/references.json",
   "11893762902049086281"],
  ["/Users/linyxus/Workspace/capless-lean/.lake/packages/doc-gen4/.lake/build/bin/doc-gen4",
   "15223597035470372104"],
  ["Mathlib.Tactic.Common:leanArts", "12964532900926315030"]],
 "depHash": "17160083270303297710"}