This is pdfTeX, Version 3.141592653-2.6-1.40.26 (TeX Live 2024/nixos.org) (preloaded format=pdflatex 1980.1.1)  10 DEC 2025 15:25
entering extended mode
 restricted \write18 enabled.
 %&-line parsing enabled.
**classifiers.tex
(./classifiers.tex
LaTeX2e <2024-11-01> patch level 2
L3 programming layer <2025-01-18>

(/nix/store/ansahnzp0dpzyg87cx9k935zgr1xscg1-texlive-combined-full-2024-final-t
exmfdist/tex/latex/base/article.cls
Document Class: article 2024/06/29 v1.4n Standard LaTeX document class

(/nix/store/ansahnzp0dpzyg87cx9k935zgr1xscg1-texlive-combined-full-2024-final-t
exmfdist/tex/latex/base/size10.clo
File: size10.clo 2024/06/29 v1.4n Standard LaTeX file (size option)
)
\c@part=\count196
\c@section=\count197
\c@subsection=\count198
\c@subsubsection=\count199
\c@paragraph=\count266
\c@subparagraph=\count267
\c@figure=\count268
\c@table=\count269
\abovecaptionskip=\skip49
\belowcaptionskip=\skip50
\bibindent=\dimen141
)
(/nix/store/ansahnzp0dpzyg87cx9k935zgr1xscg1-texlive-combined-full-2024-final-t
exmfdist/tex/latex/amsmath/amsmath.sty
Package: amsmath 2024/11/05 v2.17t AMS math features
\@mathmargin=\skip51

For additional information on amsmath, use the `?' option.

(/nix/store/ansahnzp0dpzyg87cx9k935zgr1xscg1-texlive-combined-full-2024-final-t
exmfdist/tex/latex/amsmath/amstext.sty
Package: amstext 2021/08/26 v2.01 AMS text

(/nix/store/ansahnzp0dpzyg87cx9k935zgr1xscg1-texlive-combined-full-2024-final-t
exmfdist/tex/latex/amsmath/amsgen.sty
File: amsgen.sty 1999/11/30 v2.0 generic functions
\@emptytoks=\toks17
\ex@=\dimen142
))
(/nix/store/ansahnzp0dpzyg87cx9k935zgr1xscg1-texlive-combined-full-2024-final-t
exmfdist/tex/latex/amsmath/amsbsy.sty
Package: amsbsy 1999/11/29 v1.2d Bold Symbols
\pmbraise@=\dimen143
)
(/nix/store/ansahnzp0dpzyg87cx9k935zgr1xscg1-texlive-combined-full-2024-final-t
exmfdist/tex/latex/amsmath/amsopn.sty
Package: amsopn 2022/04/08 v2.04 operator names
)
\inf@bad=\count270
LaTeX Info: Redefining \frac on input line 233.
\uproot@=\count271
\leftroot@=\count272
LaTeX Info: Redefining \overline on input line 398.
LaTeX Info: Redefining \colon on input line 409.
\classnum@=\count273
\DOTSCASE@=\count274
LaTeX Info: Redefining \ldots on input line 495.
LaTeX Info: Redefining \dots on input line 498.
LaTeX Info: Redefining \cdots on input line 619.
\Mathstrutbox@=\box52
\strutbox@=\box53
LaTeX Info: Redefining \big on input line 721.
LaTeX Info: Redefining \Big on input line 722.
LaTeX Info: Redefining \bigg on input line 723.
LaTeX Info: Redefining \Bigg on input line 724.
\big@size=\dimen144
LaTeX Font Info:    Redeclaring font encoding OML on input line 742.
LaTeX Font Info:    Redeclaring font encoding OMS on input line 743.
\macc@depth=\count275
LaTeX Info: Redefining \bmod on input line 904.
LaTeX Info: Redefining \pmod on input line 909.
LaTeX Info: Redefining \smash on input line 939.
LaTeX Info: Redefining \relbar on input line 969.
LaTeX Info: Redefining \Relbar on input line 970.
\c@MaxMatrixCols=\count276
\dotsspace@=\muskip17
\c@parentequation=\count277
\dspbrk@lvl=\count278
\tag@help=\toks18
\row@=\count279
\column@=\count280
\maxfields@=\count281
\andhelp@=\toks19
\eqnshift@=\dimen145
\alignsep@=\dimen146
\tagshift@=\dimen147
\tagwidth@=\dimen148
\totwidth@=\dimen149
\lineht@=\dimen150
\@envbody=\toks20
\multlinegap=\skip52
\multlinetaggap=\skip53
\mathdisplay@stack=\toks21
LaTeX Info: Redefining \[ on input line 2953.
LaTeX Info: Redefining \] on input line 2954.
)
(/nix/store/ansahnzp0dpzyg87cx9k935zgr1xscg1-texlive-combined-full-2024-final-t
exmfdist/tex/latex/amsfonts/amssymb.sty
Package: amssymb 2013/01/14 v3.01 AMS font symbols

(/nix/store/ansahnzp0dpzyg87cx9k935zgr1xscg1-texlive-combined-full-2024-final-t
exmfdist/tex/latex/amsfonts/amsfonts.sty
Package: amsfonts 2013/01/14 v3.01 Basic AMSFonts support
\symAMSa=\mathgroup4
\symAMSb=\mathgroup5
LaTeX Font Info:    Redeclaring math symbol \hbar on input line 98.
LaTeX Font Info:    Overwriting math alphabet `\mathfrak' in version `bold'
(Font)                  U/euf/m/n --> U/euf/b/n on input line 106.
))
(/nix/store/ansahnzp0dpzyg87cx9k935zgr1xscg1-texlive-combined-full-2024-final-t
exmfdist/tex/latex/mathpartir/mathpartir.sty
Package: mathpartir 2016/02/24 version 1.3.2 Math Paragraph for Typesetting Inf
erence Rules

(/nix/store/ansahnzp0dpzyg87cx9k935zgr1xscg1-texlive-combined-full-2024-final-t
exmfdist/tex/latex/graphics/keyval.sty
Package: keyval 2022/05/29 v1.15 key=value parser (DPC)
\KV@toks@=\toks22
)
\mpr@andskip=\skip54
\mpr@lista=\toks23
\mpr@listb=\toks24
\mpr@hlist=\box54
\mpr@vlist=\box55
\mpr@right=\box56
)
(/nix/store/ansahnzp0dpzyg87cx9k935zgr1xscg1-texlive-combined-full-2024-final-t
exmfdist/tex/latex/geometry/geometry.sty
Package: geometry 2020/01/02 v5.9 Page Geometry

(/nix/store/ansahnzp0dpzyg87cx9k935zgr1xscg1-texlive-combined-full-2024-final-t
exmfdist/tex/generic/iftex/ifvtex.sty
Package: ifvtex 2019/10/25 v1.7 ifvtex legacy package. Use iftex instead.

(/nix/store/ansahnzp0dpzyg87cx9k935zgr1xscg1-texlive-combined-full-2024-final-t
exmfdist/tex/generic/iftex/iftex.sty
Package: iftex 2024/12/12 v1.0g TeX engine tests
))
\Gm@cnth=\count282
\Gm@cntv=\count283
\c@Gm@tempcnt=\count284
\Gm@bindingoffset=\dimen151
\Gm@wd@mp=\dimen152
\Gm@odd@mp=\dimen153
\Gm@even@mp=\dimen154
\Gm@layoutwidth=\dimen155
\Gm@layoutheight=\dimen156
\Gm@layouthoffset=\dimen157
\Gm@layoutvoffset=\dimen158
\Gm@dimlist=\toks25
)
(/nix/store/ansahnzp0dpzyg87cx9k935zgr1xscg1-texlive-combined-full-2024-final-t
exmfdist/tex/latex/l3backend/l3backend-pdftex.def
File: l3backend-pdftex.def 2024-05-08 L3 backend support: PDF output (pdfTeX)
\l__color_backend_stack_int=\count285
\l__pdf_internal_box=\box57
) (./classifiers.aux)
\openout1 = `classifiers.aux'.

LaTeX Font Info:    Checking defaults for OML/cmm/m/it on input line 11.
LaTeX Font Info:    ... okay on input line 11.
LaTeX Font Info:    Checking defaults for OMS/cmsy/m/n on input line 11.
LaTeX Font Info:    ... okay on input line 11.
LaTeX Font Info:    Checking defaults for OT1/cmr/m/n on input line 11.
LaTeX Font Info:    ... okay on input line 11.
LaTeX Font Info:    Checking defaults for T1/cmr/m/n on input line 11.
LaTeX Font Info:    ... okay on input line 11.
LaTeX Font Info:    Checking defaults for TS1/cmr/m/n on input line 11.
LaTeX Font Info:    ... okay on input line 11.
LaTeX Font Info:    Checking defaults for OMX/cmex/m/n on input line 11.
LaTeX Font Info:    ... okay on input line 11.
LaTeX Font Info:    Checking defaults for U/cmr/m/n on input line 11.
LaTeX Font Info:    ... okay on input line 11.

*geometry* driver: auto-detecting
*geometry* detected driver: pdftex
*geometry* verbose mode - [ preamble ] result:
* driver: pdftex
* paper: <default>
* layout: <same size as paper>
* layoutoffset:(h,v)=(0.0pt,0.0pt)
* modes: 
* h-part:(L,W,R)=(72.26999pt, 469.75502pt, 72.26999pt)
* v-part:(T,H,B)=(72.26999pt, 650.43001pt, 72.26999pt)
* \paperwidth=614.295pt
* \paperheight=794.96999pt
* \textwidth=469.75502pt
* \textheight=650.43001pt
* \oddsidemargin=0.0pt
* \evensidemargin=0.0pt
* \topmargin=-37.0pt
* \headheight=12.0pt
* \headsep=25.0pt
* \topskip=10.0pt
* \footskip=30.0pt
* \marginparwidth=65.0pt
* \marginparsep=11.0pt
* \columnsep=10.0pt
* \skip\footins=9.0pt plus 4.0pt minus 2.0pt
* \hoffset=0.0pt
* \voffset=0.0pt
* \mag=1000
* \@twocolumnfalse
* \@twosidefalse
* \@mparswitchfalse
* \@reversemarginfalse
* (1in=72.27pt=25.4mm, 1cm=28.453pt)

LaTeX Font Info:    Trying to load font information for U+msa on input line 12.


(/nix/store/ansahnzp0dpzyg87cx9k935zgr1xscg1-texlive-combined-full-2024-final-t
exmfdist/tex/latex/amsfonts/umsa.fd
File: umsa.fd 2013/01/14 v3.01 AMS symbols A
)
LaTeX Font Info:    Trying to load font information for U+msb on input line 12.


(/nix/store/ansahnzp0dpzyg87cx9k935zgr1xscg1-texlive-combined-full-2024-final-t
exmfdist/tex/latex/amsfonts/umsb.fd
File: umsb.fd 2013/01/14 v3.01 AMS symbols B
)

[1

{/nix/store/0p5xcind9ckmqixygzi1p2yc70hygcj0-texlive-combined-full-2024-final/s
hare/texmf-var/fonts/map/pdftex/updmap/pdftex.map}{/nix/store/ansahnzp0dpzyg87c
x9k935zgr1xscg1-texlive-combined-full-2024-final-texmfdist/fonts/enc/dvips/cm-s
uper/cm-super-ts1.enc}]

[2]

[3]

[4] (./classifiers.aux)
 ***********
LaTeX2e <2024-11-01> patch level 2
L3 programming layer <2025-01-18>
 ***********
 ) 
Here is how much of TeX's memory you used:
 2526 strings out of 473201
 38804 string characters out of 5689025
 441596 words of memory out of 5000000
 25786 multiletter control sequences out of 15000+600000
 568233 words of font info for 72 fonts, out of 8000000 for 9000
 1141 hyphenation exceptions out of 8191
 57i,13n,65p,230b,229s stack positions out of 10000i,1000n,20000p,200000b,200000s
</nix/store/ansahnzp0dpzyg87cx9k935zgr1xscg1-texlive-combined-full-2024-final
-texmfdist/fonts/type1/public/amsfonts/cm/cmbx10.pfb></nix/store/ansahnzp0dpzyg
87cx9k935zgr1xscg1-texlive-combined-full-2024-final-texmfdist/fonts/type1/publi
c/amsfonts/cm/cmbx12.pfb></nix/store/ansahnzp0dpzyg87cx9k935zgr1xscg1-texlive-c
ombined-full-2024-final-texmfdist/fonts/type1/public/amsfonts/cm/cmcsc10.pfb></
nix/store/ansahnzp0dpzyg87cx9k935zgr1xscg1-texlive-combined-full-2024-final-tex
mfdist/fonts/type1/public/amsfonts/cm/cmmi10.pfb></nix/store/ansahnzp0dpzyg87cx
9k935zgr1xscg1-texlive-combined-full-2024-final-texmfdist/fonts/type1/public/am
sfonts/cm/cmmi7.pfb></nix/store/ansahnzp0dpzyg87cx9k935zgr1xscg1-texlive-combin
ed-full-2024-final-texmfdist/fonts/type1/public/amsfonts/cm/cmr10.pfb></nix/sto
re/ansahnzp0dpzyg87cx9k935zgr1xscg1-texlive-combined-full-2024-final-texmfdist/
fonts/type1/public/amsfonts/cm/cmr17.pfb></nix/store/ansahnzp0dpzyg87cx9k935zgr
1xscg1-texlive-combined-full-2024-final-texmfdist/fonts/type1/public/amsfonts/c
m/cmr7.pfb></nix/store/ansahnzp0dpzyg87cx9k935zgr1xscg1-texlive-combined-full-2
024-final-texmfdist/fonts/type1/public/amsfonts/cm/cmss10.pfb></nix/store/ansah
nzp0dpzyg87cx9k935zgr1xscg1-texlive-combined-full-2024-final-texmfdist/fonts/ty
pe1/public/amsfonts/cm/cmsy10.pfb></nix/store/ansahnzp0dpzyg87cx9k935zgr1xscg1-
texlive-combined-full-2024-final-texmfdist/fonts/type1/public/amsfonts/symbols/
msam10.pfb></nix/store/ansahnzp0dpzyg87cx9k935zgr1xscg1-texlive-combined-full-2
024-final-texmfdist/fonts/type1/public/cm-super/sfrm1000.pfb>
Output written on classifiers.pdf (4 pages, 141236 bytes).
PDF statistics:
 78 PDF objects out of 1000 (max. 8388607)
 47 compressed objects within 1 object stream
 0 named destinations out of 1000 (max. 500000)
 1 words of extra memory for PDF output out of 10000 (max. 10000000)

