{"log":
 [{"message": "Documentation indexing", "level": "info"},
  {"message":
   ".> /Users/linyxus/Workspace/capless-lean/.lake/packages/doc-gen4/.lake/build/bin/doc-gen4 index --build /Users/linyxus/Workspace/capless-lean/.lake/build",
   "level": "trace"}],
 "inputs":
 [["/Users/linyxus/Workspace/capless-lean/.lake/packages/doc-gen4/.lake/build/bin/doc-gen4",
   "15223597035470372104"],
  ["<nil>", "14590866244655749218"],
  ["<collection>",
   [["/Users/linyxus/Workspace/capless-lean/.lake/build/doc/Capless/Basic.html",
     "2503355976510745315"],
    ["/Users/linyxus/Workspace/capless-lean/.lake/build/doc/Capless/Tactics.html",
     "17088431449537849125"],
    ["/Users/linyxus/Workspace/capless-lean/.lake/build/doc/Capless/CaptureSet.html",
     "10062565979213865412"],
    ["/Users/linyxus/Workspace/capless-lean/.lake/build/doc/Capless/Type/Core.html",
     "13288483005924706446"],
    ["/Users/linyxus/Workspace/capless-lean/.lake/build/doc/Capless/Type/Value.html",
     "11731629132885498215"],
    ["/Users/linyxus/Workspace/capless-lean/.lake/build/doc/Capless/Type/Renaming.html",
     "15771547297929277622"],
    ["/Users/linyxus/Workspace/capless-lean/.lake/build/doc/Capless/Type/Basic.html",
     "12828265355533387676"],
    ["/Users/linyxus/Workspace/capless-lean/.lake/build/doc/Capless/Type/Simp.html",
     "13392411522077270031"],
    ["/Users/linyxus/Workspace/capless-lean/.lake/build/doc/Capless/Type.html",
     "6268386465995185914"],
    ["/Users/linyxus/Workspace/capless-lean/.lake/build/doc/Capless/Term.html",
     "17543384236536421564"],
    ["/Users/linyxus/Workspace/capless-lean/.lake/build/doc/Capless/Context.html",
     "6435798214418911469"],
    ["/Users/linyxus/Workspace/capless-lean/.lake/build/doc/Capless/Subcapturing.html",
     "4573513594408682743"],
    ["/Users/linyxus/Workspace/capless-lean/.lake/build/doc/Capless/Subtyping.html",
     "16205577042744582693"],
    ["/Users/linyxus/Workspace/capless-lean/.lake/build/doc/Capless/Typing.html",
     "3530447637584213596"],
    ["/Users/linyxus/Workspace/capless-lean/.lake/build/doc/Capless/Store.html",
     "8577285195763914020"],
    ["/Users/linyxus/Workspace/capless-lean/.lake/build/doc/Capless/Reduction.html",
     "13928937425591746751"],
    ["/Users/linyxus/Workspace/capless-lean/.lake/build/doc/Capless/Renaming/Basic.html",
     "13868445654604842490"],
    ["/Users/linyxus/Workspace/capless-lean/.lake/build/doc/Capless/Renaming/Term/Subcapturing.html",
     "9166553093026295525"],
    ["/Users/linyxus/Workspace/capless-lean/.lake/build/doc/Capless/Renaming/Term/Subtyping.html",
     "931386278204548546"],
    ["/Users/linyxus/Workspace/capless-lean/.lake/build/doc/Capless/Renaming/Term/Typing.html",
     "16429491152999367180"],
    ["/Users/linyxus/Workspace/capless-lean/.lake/build/doc/Capless/Renaming/Type/Subcapturing.html",
     "17028132395950737228"],
    ["/Users/linyxus/Workspace/capless-lean/.lake/build/doc/Capless/Renaming/Type/Subtyping.html",
     "9405368792414685972"],
    ["/Users/linyxus/Workspace/capless-lean/.lake/build/doc/Capless/Renaming/Type/Typing.html",
     "15691864928406075080"],
    ["/Users/linyxus/Workspace/capless-lean/.lake/build/doc/Capless/Renaming/Capture/Subcapturing.html",
     "6368115142386737371"],
    ["/Users/linyxus/Workspace/capless-lean/.lake/build/doc/Capless/Renaming/Capture/Subtyping.html",
     "5664320606414664619"],
    ["/Users/linyxus/Workspace/capless-lean/.lake/build/doc/Capless/Renaming/Capture/Typing.html",
     "12337224402989315227"],
    ["/Users/linyxus/Workspace/capless-lean/.lake/build/doc/Capless/Subcapturing/Basic.html",
     "9142814637540326707"],
    ["/Users/linyxus/Workspace/capless-lean/.lake/build/doc/Capless/Subtyping/Basic.html",
     "3653219654270522438"],
    ["/Users/linyxus/Workspace/capless-lean/.lake/build/doc/Capless/Typing/Basic.html",
     "6015540572755289591"],
    ["/Users/linyxus/Workspace/capless-lean/.lake/build/doc/Capless/Weakening/Basic.html",
     "754050396694157124"],
    ["/Users/linyxus/Workspace/capless-lean/.lake/build/doc/Capless/Weakening/Subtyping.html",
     "8932344419736849469"],
    ["/Users/linyxus/Workspace/capless-lean/.lake/build/doc/Capless/Weakening/Typing.html",
     "15398544746646570692"],
    ["/Users/linyxus/Workspace/capless-lean/.lake/build/doc/Capless/Inversion/Context.html",
     "238480841966479387"],
    ["/Users/linyxus/Workspace/capless-lean/.lake/build/doc/Capless/Subst/Basic.html",
     "6807007038993094536"],
    ["/Users/linyxus/Workspace/capless-lean/.lake/build/doc/Capless/Subst/Term/Subcapturing.html",
     "164314647785125658"],
    ["/Users/linyxus/Workspace/capless-lean/.lake/build/doc/Capless/Subst/Term/Subtyping.html",
     "11937376663581769855"],
    ["/Users/linyxus/Workspace/capless-lean/.lake/build/doc/Capless/Subst/Term/Typing.html",
     "3822361972327583750"],
    ["/Users/linyxus/Workspace/capless-lean/.lake/build/doc/Capless/Subst/Type/Subcapturing.html",
     "2226862921798241297"],
    ["/Users/linyxus/Workspace/capless-lean/.lake/build/doc/Capless/Subst/Type/Subtyping.html",
     "3454350723718658823"],
    ["/Users/linyxus/Workspace/capless-lean/.lake/build/doc/Capless/Subst/Type/Typing.html",
     "18404632755227565561"],
    ["/Users/linyxus/Workspace/capless-lean/.lake/build/doc/Capless/Subst/Capture/Subcapturing.html",
     "10773228815494077500"],
    ["/Users/linyxus/Workspace/capless-lean/.lake/build/doc/Capless/Subst/Capture/Subtyping.html",
     "18263059705360555407"],
    ["/Users/linyxus/Workspace/capless-lean/.lake/build/doc/Capless/Subst/Capture/Typing.html",
     "16183234780093762786"],
    ["/Users/linyxus/Workspace/capless-lean/.lake/build/doc/Capless/Narrowing/Subtyping.html",
     "14184794012192412266"],
    ["/Users/linyxus/Workspace/capless-lean/.lake/build/doc/Capless/Narrowing/Typing.html",
     "563886220580298807"],
    ["/Users/linyxus/Workspace/capless-lean/.lake/build/doc/Capless/Narrowing/TypedCont.html",
     "5419190807296540133"],
    ["/Users/linyxus/Workspace/capless-lean/.lake/build/doc/Capless/Narrowing.html",
     "15149288535193422741"],
    ["/Users/linyxus/Workspace/capless-lean/.lake/build/doc/Capless/Weakening/Subcapturing.html",
     "6855643771383701425"],
    ["/Users/linyxus/Workspace/capless-lean/.lake/build/doc/Capless/Inversion/Basic.html",
     "16513562166886276910"],
    ["/Users/linyxus/Workspace/capless-lean/.lake/build/doc/Capless/Inversion/Subtyping.html",
     "1894934971034811243"],
    ["/Users/linyxus/Workspace/capless-lean/.lake/build/doc/Capless/Inversion/Typing.html",
     "7068937223167898040"],
    ["/Users/linyxus/Workspace/capless-lean/.lake/build/doc/Capless/Inversion/Lookup.html",
     "3871547901567136630"],
    ["/Users/linyxus/Workspace/capless-lean/.lake/build/doc/Capless/Weakening/TypedCont/Term.html",
     "8146629910300373068"],
    ["/Users/linyxus/Workspace/capless-lean/.lake/build/doc/Capless/Weakening/TypedCont/Type.html",
     "1354694742868028859"],
    ["/Users/linyxus/Workspace/capless-lean/.lake/build/doc/Capless/Weakening/TypedCont/Capture.html",
     "2451043807838484821"],
    ["/Users/linyxus/Workspace/capless-lean/.lake/build/doc/Capless/Weakening/TypedCont.html",
     "8983740862865817839"],
    ["/Users/linyxus/Workspace/capless-lean/.lake/build/doc/Capless/WellScoped/Basic.html",
     "2919772359622135836"],
    ["/Users/linyxus/Workspace/capless-lean/.lake/build/doc/Capless/Typing/Boundary.html",
     "11917039929327692683"],
    ["/Users/linyxus/Workspace/capless-lean/.lake/build/doc/Capless/Soundness/Preservation.html",
     "11719304170098444208"],
    ["/Users/linyxus/Workspace/capless-lean/.lake/build/doc/Capless/Weakening/IsValue.html",
     "10802522450829426659"],
    ["/Users/linyxus/Workspace/capless-lean/.lake/build/doc/Capless/Soundness/Progress.html",
     "9838011633172508295"],
    ["/Users/linyxus/Workspace/capless-lean/.lake/build/doc/Capless.html",
     "17283316516672101179"]]]],
 "depHash": "3301824751040030056"}